// Jest Snapshot v1, https://goo.gl/fbAQLP

exports[`NewsletterOverlay should render correctly in "debug" mode 1`] = `
<AwareOverlay
  content={
    <div
      class="content-layer"
    >
      <div
        id="subscribe-blurb"
      >
        Once you are subscribed to the Aware newsletter, you will receive weekly e-mails on the latest development updates we are pushing to Aware. We are actively working on enhancing the product that you love.
      </div>
      <div
        id="developer-pictures"
      >
        <div
          class="developer"
        >
          <p>
            Ahmed Sakr
          </p>
          <img
            alt="ahmed"
            src="/ahmed-pic.jpg"
          />
        </div>
        <div
          class="developer"
        >
          <p>
            Josh Campitelli
          </p>
          <img
            alt="josh"
            src="/josh-pic.jpg"
          />
        </div>
      </div>
      <div
        id="subscribe-data"
      >
        <p>
          You can unsubscribe at any time!
        </p>
        <input
          class="form-control"
          placeholder="john@example.com"
          type="email"
        />
      </div>
    </div>
  }
  footer={
    <div
      id="footer-layer"
    >
      <button
        class="btn btn-secondary"
        data-dismiss="modal"
        type="button"
      >
        I've changed my mind
      </button>
      <button
        class="btn btn-primary"
        type="button"
      >
        Subscribe
      </button>
    </div>
  }
  name="newsletter-overlay"
  title="Subscribe to our Newsletter"
/>
`;
