// Jest Snapshot v1, https://goo.gl/fbAQLP

exports[`ChatSelector should render correctly in "debug" mode 1`] = `
<div
  id="vertical-menu"
>
  <h3>
    Course Discussion
  </h3>
  <hr />
  <h3>
    Direct Messages
  </h3>
  <DirectMessage
    name="Josh Campitelli"
    src="/messenger-icons/account.png"
  />
  <DirectMessage
    name="Ahmed Sakr"
    src="/messenger-icons/account.png"
  />
  <DirectMessage
    name="Arsalan Sadiq"
    src="/messenger-icons/account.png"
  />
</div>
`;
