// Jest Snapshot v1, https://goo.gl/fbAQLP

exports[`Landing should render correctly in "debug" mode 1`] = `
<div
  className="container-fluid aware-container"
>
  <div
    className="aware-column row"
    id="landing-canvas"
  >
    <div
      className="col-3 offset-3"
      id="test-flex"
    >
      <Register
        switch={[Function]}
      />
    </div>
  </div>
</div>
`;
