// Jest Snapshot v1, https://goo.gl/fbAQLP

exports[`ReceivedMessage should render correctly in "debug" mode 1`] = `
<div
  class="receivedMessage"
>
  <div
    class="col-sm-2 receivedMessage-profile"
  >
    <img
      class="receivedMessage-profile-img"
      src="undefined"
    />
    <p
      class="receivedMessage-profile-name"
    />
  </div>
  <div
    class="col-sm-7 receivedMessage-text"
  />
  <div
    class="col-sm-3 receivedMessage-timestamp"
  />
</div>
`;
