// Jest Snapshot v1, https://goo.gl/fbAQLP

exports[`Login should render correctly in "debug" mode 1`] = `
<div
  id="login"
>
  <h2
    id="welcome-message"
  >
    Welcome back to Aware
  </h2>
  <h4>
    Login now to gain access
  </h4>
  <div
    class="container"
  >
    <label
      id="login-username"
    >
      Username
    </label>
    <input
      class="landing-textfield"
      name="username"
      onChange={[Function]}
      type="text"
      value=""
    />
    <label
      id="login-password"
    >
      Password
    </label>
    <input
      class="landing-textfield"
      name="password"
      onChange={[Function]}
      type="password"
      value=""
    />
    <label>
      <span>
        Forgot password?
      </span>
    </label>
    <button
      onClick={[Function]}
      type="submit"
    >
      Login
    </button>
    <label
      id="login-register"
    >
      Don't have an account? 
      <span
        onClick={[Function]}
      >
        register now!
      </span>
    </label>
  </div>
</div>
`;
