// Jest Snapshot v1, https://goo.gl/fbAQLP

exports[`Register should render correctly in "debug" mode 1`] = `
<div
  id="register"
>
  <h2
    id="welcome-message"
  >
    Create an Aware Account
  </h2>
  <form>
    <div
      class="container"
    >
      <label
        id="register-username"
      >
        Username
      </label>
      <input
        class="landing-textfield"
        type="text"
      />
      <label
        id="register-password"
      >
        Password
      </label>
      <input
        class="landing-textfield"
        type="password"
      />
      <label
        id="register-confirm"
      >
        Confirm Password
      </label>
      <input
        class="landing-textfield"
        type="password"
      />
      <button
        type="submit"
      >
        Register
      </button>
      <label
        id="register-login"
      >
        Already have an account? 
        <span
          onClick={[Function]}
        >
          login now!
        </span>
      </label>
    </div>
  </form>
</div>
`;
